   Γû▓ Next.js 15.5.9
   - Environments: .env

   Creating an optimized production build ...
 Γ£ô Compiled successfully in 24.3s
   Linting and checking validity of types ...
(node:13472) ESLintIgnoreWarning: The ".eslintignore" file is no longer supported. Switch to using the "ignores" property in "eslint.config.js": https://eslint.org/docs/latest/use/configure/migration-guide#ignoring-files
(Use `node --trace-warnings ...` to show where the warning was created)
   Collecting page data ...
   Generating static pages (0/26) ...
   Generating static pages (6/26) 
   Generating static pages (12/26) 
Error: Static generation failed due to dynamic usage on /products, reason: `await searchParams`, `searchParams.then`, or similar
    at s (E:\Antigravity\devinfotech\.next\server\chunks\768.js:8:6113)
    at Object.get (E:\Antigravity\devinfotech\.next\server\chunks\1.js:75:123646)
    at p (E:\Antigravity\devinfotech\.next\server\app\products\page.js:7:1012)
    at stringify (<anonymous>)
Error: Static generation failed due to dynamic usage on /auth/error, reason: `await searchParams`, `searchParams.then`, or similar
    at s (E:\Antigravity\devinfotech\.next\server\chunks\768.js:8:6113)
    at Object.get (E:\Antigravity\devinfotech\.next\server\chunks\1.js:75:123646)
    at f (E:\Antigravity\devinfotech\.next\server\app\auth\error\page.js:1:586)
    at stringify (<anonymous>)
 Γ¿» useSearchParams() should be wrapped in a suspense boundary at page "/checkout/success". Read more: https://nextjs.org/docs/messages/missing-suspense-with-csr-bailout
    at g (E:\Antigravity\devinfotech\.next\server\chunks\1.js:9:133072)
    at m (E:\Antigravity\devinfotech\.next\server\chunks\1.js:72:103678)
    at p (E:\Antigravity\devinfotech\.next\server\app\checkout\success\page.js:1:1077)
    at n3 (E:\Antigravity\devinfotech\node_modules\.pnpm\next@15.5.9_react-dom@19.1.0_react@19.1.0__react@19.1.0\node_modules\next\dist\compiled\next-server\app-page.runtime.prod.js:2:82831)
    at n6 (E:\Antigravity\devinfotech\node_modules\.pnpm\next@15.5.9_react-dom@19.1.0_react@19.1.0__react@19.1.0\node_modules\next\dist\compiled\next-server\app-page.runtime.prod.js:2:84601)
    at n5 (E:\Antigravity\devinfotech\node_modules\.pnpm\next@15.5.9_react-dom@19.1.0_react@19.1.0__react@19.1.0\node_modules\next\dist\compiled\next-server\app-page.runtime.prod.js:2:104801)
    at n7 (E:\Antigravity\devinfotech\node_modules\.pnpm\next@15.5.9_react-dom@19.1.0_react@19.1.0__react@19.1.0\node_modules\next\dist\compiled\next-server\app-page.runtime.prod.js:2:102219)
    at n8 (E:\Antigravity\devinfotech\node_modules\.pnpm\next@15.5.9_react-dom@19.1.0_react@19.1.0__react@19.1.0\node_modules\next\dist\compiled\next-server\app-page.runtime.prod.js:2:83183)
    at n6 (E:\Antigravity\devinfotech\node_modules\.pnpm\next@15.5.9_react-dom@19.1.0_react@19.1.0__react@19.1.0\node_modules\next\dist\compiled\next-server\app-page.runtime.prod.js:2:84647)
    at n6 (E:\Antigravity\devinfotech\node_modules\.pnpm\next@15.5.9_react-dom@19.1.0_react@19.1.0__react@19.1.0\node_modules\next\dist\compiled\next-server\app-page.runtime.prod.js:2:101560)
Error occurred prerendering page "/checkout/success". Read more: https://nextjs.org/docs/messages/prerender-error
Export encountered an error on /checkout/success/page: /checkout/success, exiting the build.
 Γ¿» Next.js build worker exited with code: 1 and signal: null
